// Jest Snapshot v1, https://goo.gl/fbAQLP

exports[`RepoCard renders the component 1`] = `ShallowWrapper {}`;
