// Jest Snapshot v1, https://goo.gl/fbAQLP

exports[`UserName renders the component 1`] = `ShallowWrapper {}`;
