// Jest Snapshot v1, https://goo.gl/fbAQLP

exports[`Button renders the component 1`] = `ShallowWrapper {}`;
