// Jest Snapshot v1, https://goo.gl/fbAQLP

exports[`InputSearch renders the component 1`] = `ShallowWrapper {}`;
