// Jest Snapshot v1, https://goo.gl/fbAQLP

exports[`RepoCardFull renders the component 1`] = `ShallowWrapper {}`;
