// Jest Snapshot v1, https://goo.gl/fbAQLP

exports[`Repositories renders the component 1`] = `ShallowWrapper {}`;
